2026-09-15 04:56:54,509 - INFO - Sales data file loaded successfully
2026-09-15 04:58:22,952 - INFO - Sales data file loaded successfully
2026-09-15 05:04:01,724 - INFO - Sales data file loaded successfully
2026-09-15 05:04:01,768 - INFO - Rows before cleaning: 8
2026-09-15 05:04:01,768 - INFO - Rows after cleaning: 7
2026-09-15 05:04:01,768 - INFO - Duplicates removed: 1
2026-09-15 05:08:36,570 - INFO - Sales data file loaded successfully
2026-09-15 05:08:36,612 - INFO - Rows before cleaning: 8
2026-09-15 05:08:36,613 - INFO - Rows after cleaning: 7
2026-09-15 05:08:36,613 - INFO - Duplicates removed: 1
2026-09-15 05:09:22,696 - ERROR - File not found: wrongfile.csv
2026-09-15 05:17:56,823 - INFO - Sales data file loaded successfully
2026-09-15 05:17:56,867 - INFO - Rows before cleaning: 8
2026-09-15 05:17:56,867 - INFO - Rows after cleaning: 7
2026-09-15 05:17:56,867 - INFO - Duplicates removed: 1
2026-09-15 05:18:45,998 - INFO - Input file loaded: bad_sales_data.csv
2026-09-15 05:18:45,998 - ERROR - Missing required columns: amount
2026-09-15 05:23:22,208 - INFO - Sales data file loaded successfully
2026-09-15 05:23:22,249 - INFO - Rows before cleaning: 8
2026-09-15 05:23:22,249 - INFO - Rows after cleaning: 7
2026-09-15 05:23:22,249 - INFO - Duplicates removed: 1
2026-09-15 05:23:47,979 - INFO - Input file loaded: invalid_sales_data.csv
2026-09-15 05:23:47,985 - ERROR - Invalid data type in amount column
2026-09-15 05:28:05,492 - INFO - Loading sales data
2026-09-15 05:28:05,493 - INFO - Sales data file loaded successfully
2026-09-15 05:28:05,493 - INFO - Data loaded successfully
2026-09-15 05:28:05,535 - INFO - Rows before cleaning: 8
2026-09-15 05:28:05,535 - INFO - Rows after cleaning: 7
2026-09-15 05:28:05,535 - INFO - Duplicates removed: 1
2026-09-15 05:28:05,748 - INFO - Excel report exported to sales_report.xlsx
2026-09-15 05:28:24,161 - INFO - Input file loaded: messy_sales_data.csv
2026-09-16 04:47:25,201 - INFO - Loading sales data
2026-09-16 04:47:25,217 - INFO - Sales data file loaded successfully
2026-09-16 04:47:25,217 - INFO - Data loaded successfully
2026-09-16 04:47:25,319 - INFO - Rows before cleaning: 8
2026-09-16 04:47:25,319 - INFO - Rows after cleaning: 7
2026-09-16 04:47:25,319 - INFO - Duplicates removed: 1
2026-09-16 04:47:29,467 - INFO - Exchange rate fetched successfully: 0.86579
2026-09-16 04:47:29,934 - INFO - Excel report exported to sales_report.xlsx
2026-09-16 04:47:46,914 - INFO - Input file loaded: messy_sales_data.csv
2026-09-16 04:50:46,861 - INFO - Loading sales data
2026-09-16 04:50:46,862 - INFO - Sales data file loaded successfully
2026-09-16 04:50:46,862 - INFO - Data loaded successfully
2026-09-16 04:50:46,921 - INFO - Rows before cleaning: 8
2026-09-16 04:50:46,921 - INFO - Rows after cleaning: 7
2026-09-16 04:50:46,921 - INFO - Duplicates removed: 1
2026-09-16 04:50:47,275 - INFO - Exchange rate fetched successfully: 0.86579
2026-09-16 04:50:47,559 - INFO - Excel report exported to sales_report.xlsx
2026-09-16 04:51:05,894 - INFO - Input file loaded: messy_sales_data.csv
2026-09-16 04:51:06,273 - INFO - EUR conversion added to exported report using rate: 0.86579
2026-09-16 05:18:03,719 - INFO - Loading sales data
2026-09-16 05:18:03,723 - INFO - Sales data file loaded successfully
2026-09-16 05:18:03,723 - INFO - Data loaded successfully
2026-09-16 05:18:03,800 - INFO - Rows before cleaning: 8
2026-09-16 05:18:03,800 - INFO - Rows after cleaning: 7
2026-09-16 05:18:03,801 - INFO - Duplicates removed: 1
2026-09-16 05:18:04,256 - INFO - Exchange rate fetched successfully: 0.86582
2026-09-16 05:18:04,714 - INFO - Excel report exported to sales_report.xlsx
2026-09-16 05:18:28,500 - INFO - Input file loaded: messy_sales_data.csv
2026-09-16 05:18:28,943 - INFO - EUR conversion added to exported report using rate: 0.86582
2026-09-16 05:39:23,457 - INFO - Loading sales data
2026-09-16 05:39:23,460 - INFO - Sales data file loaded successfully
2026-09-16 05:39:23,460 - INFO - Data loaded successfully
2026-09-16 05:42:35,748 - INFO - Loading sales data
2026-09-16 05:42:35,753 - INFO - Sales data file loaded successfully
2026-09-16 05:42:35,753 - INFO - Data loaded successfully
2026-09-16 05:42:35,831 - INFO - Rows before cleaning: 8
2026-09-16 05:42:35,832 - INFO - Rows after cleaning: 7
2026-09-16 05:42:35,832 - INFO - Duplicates removed: 1
2026-09-16 05:42:41,100 - INFO - Exchange rate fetched successfully: 0.86582
2026-09-16 05:42:41,562 - INFO - Excel report exported to sales_report.xlsx
2026-09-16 05:42:55,479 - INFO - Input file loaded: sample_data/messy_sales_data.csv
2026-09-16 05:42:55,921 - INFO - EUR conversion added to exported report using rate: 0.86582
